[0.017s][info][gc] Using Serial
[0.384s][info][gc] GC(0) Pause Young (Allocation Failure) 4M->2M(15M) 6.012ms
[11.594s][info][gc] GC(1) Pause Young (Allocation Failure) 6M->3M(15M) 6.662ms
[11.749s][info][gc] GC(2) Pause Young (Allocation Failure) 7M->4M(15M) 3.670ms
[11.828s][info][gc] GC(3) Pause Young (Allocation Failure) 8M->5M(15M) 6.463ms
[12.260s][info][gc] GC(4) Pause Young (Allocation Failure) 9M->5M(15M) 6.527ms
[12.759s][info][gc] GC(5) Pause Young (Allocation Failure) 10M->6M(15M) 7.999ms
[31.486s][info][gc] GC(6) Pause Young (Allocation Failure) 11M->7M(15M) 3.586ms
[31.538s][info][gc] GC(7) Pause Young (Allocation Failure) 11M->9M(15M) 7.400ms
[31.585s][info][gc] GC(8) Pause Young (Allocation Failure) 14M->14M(15M) 0.067ms
[31.619s][info][gc] GC(9) Pause Full (Allocation Failure) 14M->9M(15M) 34.420ms
[31.654s][info][gc] GC(10) Pause Young (Allocation Failure) 13M->13M(15M) 0.072ms
[31.682s][info][gc] GC(11) Pause Full (Allocation Failure) 13M->8M(15M) 27.653ms
[31.721s][info][gc] GC(12) Pause Young (Allocation Failure) 12M->10M(15M) 7.445ms
[31.743s][info][gc] GC(13) Pause Young (Allocation Failure) 15M->15M(15M) 0.069ms
[31.776s][info][gc] GC(14) Pause Full (Allocation Failure) 15M->9M(15M) 33.006ms
[46.875s][info][gc] GC(15) Pause Young (Allocation Failure) 13M->13M(15M) 0.063ms
[46.902s][info][gc] GC(16) Pause Full (Allocation Failure) 13M->6M(15M) 27.080ms
[91.234s][info][gc] GC(17) Pause Young (Allocation Failure) 10M->6M(15M) 1.538ms
[91.262s][info][gc] GC(18) Pause Young (Allocation Failure) 10M->9M(15M) 6.452ms
[91.283s][info][gc] GC(19) Pause Young (Allocation Failure) 13M->13M(15M) 0.071ms
[91.320s][info][gc] GC(20) Pause Full (Allocation Failure) 13M->9M(15M) 37.129ms
[91.350s][info][gc] GC(21) Pause Young (Allocation Failure) 13M->13M(15M) 0.070ms
[91.382s][info][gc] GC(22) Pause Full (Allocation Failure) 13M->8M(15M) 31.334ms
[91.411s][info][gc] GC(23) Pause Young (Allocation Failure) 12M->10M(15M) 8.223ms
[91.427s][info][gc] GC(24) Pause Young (Allocation Failure) 15M->15M(15M) 0.068ms
[91.461s][info][gc] GC(25) Pause Full (Allocation Failure) 15M->9M(15M) 34.475ms
[106.970s][info][gc] GC(26) Pause Young (Allocation Failure) 13M->13M(15M) 0.067ms
[106.997s][info][gc] GC(27) Pause Full (Allocation Failure) 13M->6M(15M) 26.169ms
[151.202s][info][gc] GC(28) Pause Young (Allocation Failure) 10M->6M(15M) 1.332ms
