[0.020s][info][gc] Using G1
[0.523s][info][gc] GC(0) Pause Young (Normal) (G1 Evacuation Pause) 4M->2M(12M) 13.775ms
[1.335s][info][gc] GC(1) Pause Young (Normal) (G1 Evacuation Pause) 3M->3M(12M) 18.355ms
[8.169s][info][gc] GC(2) Pause Young (Normal) (G1 Evacuation Pause) 4M->3M(12M) 4.118ms
[8.231s][info][gc] GC(3) Pause Young (Normal) (G1 Evacuation Pause) 4M->3M(12M) 2.769ms
[8.275s][info][gc] GC(4) Pause Young (Normal) (G1 Evacuation Pause) 4M->3M(12M) 2.215ms
[8.312s][info][gc] GC(5) Pause Young (Normal) (G1 Evacuation Pause) 4M->3M(12M) 1.974ms
[8.415s][info][gc] GC(6) Pause Young (Normal) (G1 Evacuation Pause) 5M->4M(12M) 2.254ms
[8.506s][info][gc] GC(7) Pause Young (Normal) (G1 Evacuation Pause) 6M->4M(12M) 5.921ms
[8.578s][info][gc] GC(8) Pause Young (Normal) (G1 Evacuation Pause) 6M->4M(12M) 2.245ms
[8.643s][info][gc] GC(9) Pause Young (Normal) (G1 Evacuation Pause) 6M->4M(12M) 8.969ms
[9.018s][info][gc] GC(10) Pause Young (Normal) (G1 Evacuation Pause) 6M->4M(12M) 1.917ms
[9.260s][info][gc] GC(11) Pause Young (Normal) (G1 Evacuation Pause) 6M->5M(12M) 2.567ms
[9.478s][info][gc] GC(12) Pause Young (Normal) (G1 Evacuation Pause) 7M->5M(12M) 4.116ms
[19.580s][info][gc] GC(13) Pause Young (Normal) (G1 Evacuation Pause) 7M->5M(12M) 4.158ms
[22.980s][info][gc] GC(14) Pause Young (Concurrent Start) (G1 Humongous Allocation) 6M->5M(12M) 10.854ms
[22.980s][info][gc] GC(15) Concurrent Mark Cycle
[22.997s][info][gc] GC(15) Pause Remark 6M->6M(12M) 4.931ms
[23.012s][info][gc] GC(15) Pause Cleanup 6M->6M(12M) 0.032ms
[23.014s][info][gc] GC(15) Concurrent Mark Cycle 33.873ms
[29.600s][info][gc] GC(16) Pause Young (Normal) (G1 Evacuation Pause) 7M->6M(12M) 2.994ms
[34.543s][info][gc] GC(17) Pause Young (Concurrent Start) (G1 Humongous Allocation) 7M->6M(12M) 7.514ms
[34.543s][info][gc] GC(18) Concurrent Mark Cycle
[34.552s][info][gc] GC(19) Pause Young (Normal) (G1 Evacuation Pause) 8M->7M(12M) 1.695ms
[34.615s][info][gc] GC(20) Pause Young (Normal) (G1 Evacuation Pause) 8M->7M(12M) 8.312ms
[34.630s][info][gc] GC(21) Pause Young (Normal) (G1 Evacuation Pause) 8M->7M(12M) 12.008ms
[34.654s][info][gc] GC(22) Pause Young (Normal) (G1 Evacuation Pause) 8M->7M(12M) 10.347ms
[34.659s][info][gc] GC(18) Pause Remark 7M->7M(12M) 3.119ms
[34.672s][info][gc] GC(23) Pause Young (Normal) (G1 Evacuation Pause) 8M->7M(12M) 1.568ms
[34.682s][info][gc] GC(24) Pause Young (Normal) (G1 Evacuation Pause) 8M->7M(12M) 1.735ms
[34.682s][info][gc] GC(18) Pause Cleanup 7M->7M(12M) 0.021ms
[34.683s][info][gc] GC(18) Concurrent Mark Cycle 139.418ms
[34.687s][info][gc] GC(25) Pause Young (Normal) (G1 Evacuation Pause) 8M->7M(12M) 1.492ms
[34.702s][info][gc] GC(26) Pause Young (Concurrent Start) (G1 Evacuation Pause) 8M->7M(12M) 1.563ms
[34.702s][info][gc] GC(27) Concurrent Mark Cycle
[34.710s][info][gc] GC(28) Pause Young (Normal) (G1 Evacuation Pause) 8M->7M(12M) 1.306ms
[34.741s][info][gc] GC(29) Pause Young (Normal) (G1 Evacuation Pause) 8M->7M(12M) 1.433ms
[34.755s][info][gc] GC(30) Pause Young (Normal) (G1 Evacuation Pause) 8M->7M(12M) 8.174ms
[34.759s][info][gc] GC(31) Pause Young (Normal) (G1 Evacuation Pause) 8M->7M(12M) 1.405ms
[34.767s][info][gc] GC(27) Pause Remark 8M->8M(12M) 6.088ms
[34.771s][info][gc] GC(32) Pause Young (Normal) (G1 Evacuation Pause) 8M->7M(12M) 0.809ms
[34.776s][info][gc] GC(33) Pause Young (Normal) (G1 Evacuation Pause) 8M->7M(12M) 0.754ms
[34.777s][info][gc] GC(27) Pause Cleanup 8M->8M(12M) 0.021ms
[34.777s][info][gc] GC(27) Concurrent Mark Cycle 75.012ms
[34.781s][info][gc] GC(34) Pause Young (Normal) (G1 Evacuation Pause) 8M->8M(12M) 0.965ms
[34.784s][info][gc] GC(35) Pause Young (Concurrent Start) (G1 Evacuation Pause) 9M->8M(12M) 0.993ms
[34.784s][info][gc] GC(36) Concurrent Mark Cycle
[34.786s][info][gc] GC(37) Pause Young (Normal) (G1 Preventive Collection) 9M->8M(12M) 0.387ms
[34.789s][info][gc] GC(38) Pause Young (Normal) (G1 Preventive Collection) 9M->8M(12M) 0.373ms
[34.791s][info][gc] GC(39) Pause Young (Normal) (G1 Preventive Collection) 9M->8M(12M) 0.452ms
[34.794s][info][gc] GC(40) Pause Young (Normal) (G1 Preventive Collection) 9M->8M(12M) 0.508ms
[34.797s][info][gc] GC(41) Pause Young (Normal) (G1 Preventive Collection) 9M->8M(12M) 0.429ms
[34.799s][info][gc] GC(42) Pause Young (Normal) (G1 Preventive Collection) 9M->8M(12M) 0.407ms
[34.805s][info][gc] GC(36) Pause Remark 9M->9M(12M) 4.442ms
[34.809s][info][gc] GC(43) Pause Young (Normal) (G1 Preventive Collection) 9M->8M(12M) 0.524ms
[34.811s][info][gc] GC(36) Pause Cleanup 9M->9M(12M) 0.024ms
[34.812s][info][gc] GC(36) Concurrent Mark Cycle 27.333ms
[34.812s][info][gc] GC(44) Pause Young (Prepare Mixed) (G1 Preventive Collection) 9M->8M(12M) 0.495ms
[34.816s][info][gc] GC(45) Pause Young (Mixed) (G1 Preventive Collection) 9M->8M(12M) 1.605ms
[34.819s][info][gc] GC(46) Pause Young (Concurrent Start) (G1 Evacuation Pause) 9M->8M(12M) 0.935ms
[34.819s][info][gc] GC(47) Concurrent Mark Cycle
[34.821s][info][gc] GC(48) Pause Young (Normal) (G1 Evacuation Pause) 9M->8M(12M) 0.525ms
[34.835s][info][gc] GC(47) Pause Remark 10M->10M(12M) 2.389ms
[34.840s][info][gc] GC(47) Pause Cleanup 10M->10M(12M) 0.032ms
[34.840s][info][gc] GC(47) Concurrent Mark Cycle 21.084ms
[35.604s][info][gc] GC(49) Pause Young (Normal) (G1 Preventive Collection) 10M->6M(12M) 0.732ms
[39.967s][info][gc] GC(50) Pause Young (Concurrent Start) (G1 Humongous Allocation) 7M->6M(12M) 9.646ms
[39.967s][info][gc] GC(51) Concurrent Mark Cycle
[39.988s][info][gc] GC(51) Pause Remark 7M->7M(12M) 2.693ms
[39.997s][info][gc] GC(51) Pause Cleanup 7M->7M(12M) 0.032ms
[39.997s][info][gc] GC(51) Concurrent Mark Cycle 29.635ms
[46.630s][info][gc] GC(52) Pause Young (Normal) (G1 Evacuation Pause) 8M->7M(12M) 0.651ms
[54.628s][info][gc] GC(53) Pause Young (Concurrent Start) (G1 Evacuation Pause) 8M->7M(12M) 0.889ms
[54.628s][info][gc] GC(54) Concurrent Mark Cycle
[54.645s][info][gc] GC(54) Pause Remark 7M->7M(12M) 5.028ms
[54.655s][info][gc] GC(54) Pause Cleanup 8M->8M(12M) 0.034ms
[54.663s][info][gc] GC(54) Concurrent Mark Cycle 35.579ms
[58.629s][info][gc] GC(55) Pause Young (Normal) (G1 Evacuation Pause) 8M->8M(12M) 1.041ms
[66.720s][info][gc] GC(56) Pause Young (Concurrent Start) (G1 Evacuation Pause) 9M->8M(12M) 1.003ms
[66.720s][info][gc] GC(57) Concurrent Mark Cycle
[66.737s][info][gc] GC(57) Pause Remark 8M->8M(12M) 4.949ms
[66.743s][info][gc] GC(57) Pause Cleanup 8M->8M(12M) 0.071ms
[66.746s][info][gc] GC(57) Concurrent Mark Cycle 26.272ms
[74.644s][info][gc] GC(58) Pause Young (Normal) (G1 Evacuation Pause) 9M->7M(12M) 0.965ms
[82.655s][info][gc] GC(59) Pause Young (Concurrent Start) (G1 Evacuation Pause) 8M->7M(12M) 0.998ms
[82.655s][info][gc] GC(60) Concurrent Mark Cycle
[82.670s][info][gc] GC(60) Pause Remark 7M->7M(12M) 2.906ms
[82.684s][info][gc] GC(60) Pause Cleanup 8M->8M(12M) 0.034ms
[82.684s][info][gc] GC(60) Concurrent Mark Cycle 28.840ms
[90.660s][info][gc] GC(61) Pause Young (Normal) (G1 Evacuation Pause) 8M->7M(12M) 0.825ms
[98.752s][info][gc] GC(62) Pause Young (Concurrent Start) (G1 Evacuation Pause) 8M->7M(12M) 0.858ms
[98.752s][info][gc] GC(63) Concurrent Mark Cycle
[98.766s][info][gc] GC(63) Pause Remark 7M->7M(12M) 2.721ms
[98.771s][info][gc] GC(63) Pause Cleanup 7M->7M(12M) 0.030ms
[98.774s][info][gc] GC(63) Concurrent Mark Cycle 22.037ms
[111.812s][info][gc] GC(64) Pause Young (Normal) (G1 Evacuation Pause) 8M->7M(12M) 0.836ms
[118.780s][info][gc] GC(65) Pause Young (Concurrent Start) (G1 Evacuation Pause) 8M->7M(12M) 0.910ms
[118.780s][info][gc] GC(66) Concurrent Mark Cycle
[118.795s][info][gc] GC(66) Pause Remark 7M->7M(12M) 2.932ms
[118.800s][info][gc] GC(66) Pause Cleanup 7M->7M(12M) 0.038ms
[118.804s][info][gc] GC(66) Concurrent Mark Cycle 24.097ms
[126.781s][info][gc] GC(67) Pause Young (Normal) (G1 Evacuation Pause) 8M->7M(12M) 0.826ms
[135.700s][info][gc] GC(68) Pause Young (Concurrent Start) (G1 Evacuation Pause) 8M->7M(12M) 0.887ms
[135.700s][info][gc] GC(69) Concurrent Mark Cycle
[135.714s][info][gc] GC(69) Pause Remark 7M->7M(12M) 2.738ms
[135.720s][info][gc] GC(69) Pause Cleanup 7M->7M(12M) 0.031ms
[135.722s][info][gc] GC(69) Concurrent Mark Cycle 22.580ms
[143.711s][info][gc] GC(70) Pause Young (Normal) (G1 Evacuation Pause) 8M->7M(12M) 0.886ms
[151.783s][info][gc] GC(71) Pause Young (Concurrent Start) (G1 Evacuation Pause) 8M->7M(12M) 0.962ms
[151.783s][info][gc] GC(72) Concurrent Mark Cycle
[151.798s][info][gc] GC(72) Pause Remark 7M->7M(12M) 2.930ms
[151.803s][info][gc] GC(72) Pause Cleanup 7M->7M(12M) 0.050ms
[151.808s][info][gc] GC(72) Concurrent Mark Cycle 24.676ms
[160.726s][info][gc] GC(73) Pause Young (Normal) (G1 Evacuation Pause) 8M->7M(12M) 0.868ms
[168.737s][info][gc] GC(74) Pause Young (Concurrent Start) (G1 Evacuation Pause) 8M->8M(12M) 3.010ms
[168.737s][info][gc] GC(75) Concurrent Mark Cycle
[168.755s][info][gc] GC(75) Pause Remark 8M->8M(12M) 4.926ms
[168.761s][info][gc] GC(75) Pause Cleanup 8M->8M(12M) 0.031ms
[168.764s][info][gc] GC(75) Concurrent Mark Cycle 26.795ms
[177.747s][info][gc] GC(76) Pause Young (Normal) (G1 Evacuation Pause) 9M->7M(12M) 0.802ms
[185.774s][info][gc] GC(77) Pause Young (Concurrent Start) (G1 Evacuation Pause) 8M->7M(12M) 18.207ms
[185.774s][info][gc] GC(78) Concurrent Mark Cycle
[185.794s][info][gc] GC(78) Pause Remark 7M->7M(12M) 5.001ms
[185.799s][info][gc] GC(78) Pause Cleanup 7M->7M(12M) 0.033ms
[185.799s][info][gc] GC(78) Concurrent Mark Cycle 24.745ms
[193.807s][info][gc] GC(79) Pause Young (Normal) (G1 Evacuation Pause) 8M->7M(12M) 1.048ms
[199.687s][info][gc] GC(80) Pause Young (Concurrent Start) (G1 Humongous Allocation) 7M->7M(12M) 1.728ms
[199.687s][info][gc] GC(81) Concurrent Mark Cycle
[199.710s][info][gc] GC(81) Pause Remark 8M->8M(12M) 5.209ms
[199.724s][info][gc] GC(81) Pause Cleanup 8M->8M(12M) 0.031ms
[199.725s][info][gc] GC(81) Concurrent Mark Cycle 37.992ms
[203.776s][info][gc] GC(82) Pause Young (Normal) (G1 Evacuation Pause) 9M->8M(12M) 1.056ms
[211.785s][info][gc] GC(83) Pause Young (Concurrent Start) (G1 Evacuation Pause) 9M->7M(12M) 1.245ms
[211.785s][info][gc] GC(84) Concurrent Mark Cycle
[211.811s][info][gc] GC(84) Pause Remark 7M->7M(12M) 6.398ms
[211.819s][info][gc] GC(84) Pause Cleanup 7M->7M(12M) 0.040ms
[211.819s][info][gc] GC(84) Concurrent Mark Cycle 34.271ms
[219.792s][info][gc] GC(85) Pause Young (Normal) (G1 Evacuation Pause) 8M->7M(12M) 1.166ms
[229.052s][info][gc] GC(86) Pause Young (Concurrent Start) (G1 Evacuation Pause) 8M->7M(12M) 1.154ms
[229.052s][info][gc] GC(87) Concurrent Mark Cycle
[229.082s][info][gc] GC(87) Pause Remark 7M->7M(12M) 2.863ms
[229.088s][info][gc] GC(87) Pause Cleanup 7M->7M(12M) 0.033ms
[229.088s][info][gc] GC(87) Concurrent Mark Cycle 35.614ms
[237.063s][info][gc] GC(88) Pause Young (Normal) (G1 Evacuation Pause) 8M->7M(12M) 1.089ms
[246.071s][info][gc] GC(89) Pause Young (Concurrent Start) (G1 Evacuation Pause) 8M->7M(12M) 1.121ms
[246.071s][info][gc] GC(90) Concurrent Mark Cycle
[246.096s][info][gc] GC(90) Pause Remark 7M->7M(12M) 4.089ms
[246.105s][info][gc] GC(90) Pause Cleanup 7M->7M(12M) 0.039ms
[246.106s][info][gc] GC(90) Concurrent Mark Cycle 35.213ms
[254.080s][info][gc] GC(91) Pause Young (Normal) (G1 Evacuation Pause) 8M->7M(12M) 1.158ms
[263.107s][info][gc] GC(92) Pause Young (Concurrent Start) (G1 Evacuation Pause) 8M->7M(12M) 1.181ms
[263.107s][info][gc] GC(93) Concurrent Mark Cycle
[263.127s][info][gc] GC(93) Pause Remark 7M->7M(12M) 5.791ms
[263.147s][info][gc] GC(93) Pause Cleanup 7M->7M(12M) 0.066ms
[263.148s][info][gc] GC(93) Concurrent Mark Cycle 40.475ms
[271.116s][info][gc] GC(94) Pause Young (Normal) (G1 Evacuation Pause) 8M->7M(12M) 1.269ms
[280.126s][info][gc] GC(95) Pause Young (Concurrent Start) (G1 Evacuation Pause) 8M->7M(12M) 1.181ms
[280.126s][info][gc] GC(96) Concurrent Mark Cycle
[280.143s][info][gc] GC(96) Pause Remark 7M->7M(12M) 3.254ms
[280.147s][info][gc] GC(96) Pause Cleanup 7M->7M(12M) 0.030ms
[280.147s][info][gc] GC(96) Concurrent Mark Cycle 21.262ms
[289.135s][info][gc] GC(97) Pause Young (Normal) (G1 Evacuation Pause) 8M->7M(12M) 1.084ms
[298.163s][info][gc] GC(98) Pause Young (Concurrent Start) (G1 Evacuation Pause) 8M->7M(12M) 19.813ms
[298.163s][info][gc] GC(99) Concurrent Mark Cycle
[298.186s][info][gc] GC(99) Pause Remark 7M->7M(12M) 3.513ms
[298.190s][info][gc] GC(99) Pause Cleanup 7M->7M(12M) 0.032ms
[298.191s][info][gc] GC(99) Concurrent Mark Cycle 27.677ms
[306.838s][info][gc] GC(100) Pause Young (Normal) (G1 Evacuation Pause) 8M->7M(12M) 2.376ms
